building 2 layers (10.6 GB reclaimable)
layer 1: 264 tokens, top-8, d_model 3072, 256 calibration / 8 evaluation
46 distinct experts routed by the evaluation tokens
down_proj calibrated for 46/46 experts, median 14 calibration tokens each
  quantized 8/46
  quantized 16/46
  quantized 24/46
  quantized 32/46
  quantized 40/46
  quantized 46/46

layer 1 MoE block, relative error vs the 4-bit block, 8 held-out tokens

  scheme                              bits/w   rel err
  RTN 2-bit (shipped)                   2.00    0.2696
  uniform fit 2-bit (no imatrix)        2.00    0.2938
  imatrix 2-bit                         2.00    0.2220
  imatrix, down at 3-bit                2.33    0.1926

  better fit alone    0.92x
  activations add     1.32x
  together            1.21x at identical size
wrote results/imatrix_L1.json
